lock: acquired /home/administrator/projects/ServerStore/.gate-lock (held across every arm; gate.sh would refuse itself here)
=== CONTROL — the committed tree (9081b6e) ===
  CONTROL: cheap exit=0 full exit=0 (logs: /home/administrator/projects/ServerStore/worktrees/keys-subset/.diff-harness/control)
  control GREEN:  Test Files  11 passed (11)       Tests  80 passed (80) 
=== ARM A — the subset check is DELETED (a key may mint what it does not hold) ===
  file:   src/server/app.ts
  sha256: f4db030fbcf374a8d913f776dcfc140c21443fde77acdee701aa18a80cc4cb18  (before)
  sha256: dc8ab00886dd0a95f41eb9c1bae8bc588250e4b964319da7b59ad9e267e85471  (after injection)
  ARM A: cheap exit=0 full exit=1 (logs: /home/administrator/projects/ServerStore/worktrees/keys-subset/.diff-harness/arm-a)
  named pin RED: 2 line(s) in /home/administrator/projects/ServerStore/worktrees/keys-subset/.diff-harness/arm-a/full.log
     × PIN K1: a READ-ONLY key cannot mint a permission it does not hold 47ms
     × PIN K2: a key lacking 'delete' cannot mint 'delete' 9ms
     ✓ PIN K3: a key passes on exactly what it holds, and no more 19ms
     ✓ PIN K4: the boundaries that already held still hold 7ms
     ✓ PIN K5: a master admin key still mints any non-admin permission for any existing store 8ms
 ✓ tests/auth.test.ts (16 tests) 103ms
 ✓ tests/gate.test.ts (7 tests) 344ms
--
 FAIL  tests/keys.test.ts > keys: a key may not mint a permission it does not hold (pin K1-K5) > PIN K1: a READ-ONLY key cannot mint a permission it does not hold
AssertionError: expected 201 to be 403 // Object.is equality

- Expected
  named pin RED: 2 line(s) in /home/administrator/projects/ServerStore/worktrees/keys-subset/.diff-harness/arm-a/full.log
     × PIN K2: a key lacking 'delete' cannot mint 'delete' 9ms
     ✓ PIN K3: a key passes on exactly what it holds, and no more 19ms
     ✓ PIN K4: the boundaries that already held still hold 7ms
     ✓ PIN K5: a master admin key still mints any non-admin permission for any existing store 8ms
 ✓ tests/auth.test.ts (16 tests) 103ms
 ✓ tests/gate.test.ts (7 tests) 344ms
 ✓ tests/objects.test.ts (16 tests) 252ms
--
 FAIL  tests/keys.test.ts > keys: a key may not mint a permission it does not hold (pin K1-K5) > PIN K2: a key lacking 'delete' cannot mint 'delete'
AssertionError: expected 201 to be 403 // Object.is equality

- Expected
RESTORED: src/server/app.ts back at HEAD; lock released
=== ARM B — the check demands EQUALITY (a legal SUBSET is refused) ===
  file:   src/server/app.ts
  sha256: f4db030fbcf374a8d913f776dcfc140c21443fde77acdee701aa18a80cc4cb18  (before)
  sha256: 5eebf6fa9d5a8622da3b6446dc4465952b4ee32e3dda73de2b5d6d93adaf95d8  (after injection)
  ARM B: cheap exit=0 full exit=1 (logs: /home/administrator/projects/ServerStore/worktrees/keys-subset/.diff-harness/arm-b)
  named pin RED: 2 line(s) in /home/administrator/projects/ServerStore/worktrees/keys-subset/.diff-harness/arm-b/full.log
     × PIN K3: a key passes on exactly what it holds, and no more 17ms
     ✓ PIN K4: the boundaries that already held still hold 9ms
     ✓ PIN K5: a master admin key still mints any non-admin permission for any existing store 11ms
 ✓ tests/auth.test.ts (16 tests) 135ms
 ✓ tests/gate.test.ts (7 tests) 342ms
 ✓ tests/objects.test.ts (16 tests) 261ms
 ✓ tests/entrypoint.test.ts (4 tests) 793ms
--
 FAIL  tests/keys.test.ts > keys: a key may not mint a permission it does not hold (pin K1-K5) > PIN K3: a key passes on exactly what it holds, and no more
AssertionError: {"error":{"code":"forbidden","message":"key cannot grant 'read': it does not hold that permission"}}: expected 403 to be 201 // Object.is equality

- Expected
RESTORED: src/server/app.ts back at HEAD; lock released

=== CONTROL — the restored tree ===
  CONTROL 2: cheap exit=0 full exit=0 (logs: /home/administrator/projects/ServerStore/worktrees/keys-subset/.diff-harness/control2)
  control GREEN:  Test Files  11 passed (11)       Tests  80 passed (80) 
  sha256: f4db030fbcf374a8d913f776dcfc140c21443fde77acdee701aa18a80cc4cb18  (back to its before hash)

DIFFERENTIAL COMPLETE: arm A RED on PIN K1+K2, arm B RED on PIN K3; both controls GREEN. No VOID probe.
logs: /home/administrator/projects/ServerStore/worktrees/keys-subset/.diff-harness/{control,arm-a,arm-b,control2}/{cheap,full}.log — raw transcript: /home/administrator/projects/ServerStore/worktrees/keys-subset/checkpoints/keys-subset-differential.out
RESTORED: src/server/app.ts back at HEAD; lock released
